
> indian-hires-website@0.1.0 verify
> bash scripts/verify.sh


==> [1/4 lint] npm run lint

> indian-hires-website@0.1.0 lint
> next lint

✔ No ESLint warnings or errors
==> [1/4 lint] PASS

==> [2/4 typecheck] npm run typecheck

> indian-hires-website@0.1.0 typecheck
> tsc --noEmit

==> [2/4 typecheck] PASS

==> [3/4 build] npm run build

> indian-hires-website@0.1.0 build
> next build

  ▲ Next.js 14.2.35
  - Environments: .env.local

   Creating an optimized production build ...
 ✓ Compiled successfully
   Linting and checking validity of types ...
   Collecting page data ...
   Generating static pages (0/26) ...
   Generating static pages (6/26) 
   Generating static pages (12/26) 
   Generating static pages (19/26) 
 ✓ Generating static pages (26/26)
   Finalizing page optimization ...
   Collecting build traces ...

Route (app)                              Size     First Load JS
┌ ○ /                                    231 B           114 kB
├ ○ /_not-found                          146 B          87.8 kB
├ ○ /collections                         231 B           114 kB
├ ● /collections/[slug]                  4.36 kB         118 kB
├   ├ /collections/heritage-silver
├   ├ /collections/bone-china
├   ├ /collections/premium-melamine
├   └ [+5 more paths]
├ ○ /contact                             1.22 kB        97.6 kB
├ ○ /founders                            231 B           114 kB
├ ○ /gallery                             22.6 kB         136 kB
├ ○ /products                            146 B          87.8 kB
├ ● /products/[slug]                     146 B          87.8 kB
├   ├ /products/vintage
├   ├ /products/bone-china
├   ├ /products/melamine
├   └ [+2 more paths]
├ ○ /robots.txt                          0 B                0 B
├ ○ /sitemap.xml                         0 B                0 B
└ ○ /testimonials                        218 B           108 kB
+ First Load JS shared by all            87.6 kB
  ├ chunks/117-b39b440fd78c9c44.js       31.7 kB
  ├ chunks/fd9d1056-aa4a6c05d422bd12.js  53.6 kB
  └ other shared chunks (total)          2.26 kB


○  (Static)  prerendered as static content
●  (SSG)     prerendered as static HTML (uses getStaticProps)

==> [3/4 build] PASS

==> [4/4 tokens] node scripts/check-tokens.mjs
check-tokens: scanned 104 files in src/components, src/app

check-tokens: PASS — no raw colours or stock white/black outside the token files
==> [4/4 tokens] PASS

verify: ALL PASS
