JS false: 21 imgs with y<2600
   products/bone-china/golden-rim.webp | 453 | 182x182 |  | high | 1 | 
   products/glassware/highball.webp | 643 | 182x242 | lazy |  | 1 | 
   products/melamine/matt-black.webp | 893 | 182x182 | lazy |  | 1 | 
   products/chafing-dishes/brass-handi.webp | 1083 | 182x227 | lazy |  | 1 | 
   products/bone-china/emerald-gold.webp | 1318 | 182x182 | lazy |  | 1 | 
   products/glassware/wine-glass.webp | 1508 | 182x242 | lazy |  | 1 | 
   products/melamine/blue-rim.webp | 1758 | 182x182 | lazy |  | 1 | 
   products/chafing-dishes/copper-ribbed-dome.we | 1948 | 182x227 | lazy |  | 1 | 
   products/bone-china/classic-white.webp | 2183 | 182x182 | lazy |  | 1 | 
   products/glassware/rocks-tumbler.webp | 2373 | 182x242 | lazy |  | 1 | 
   products/melamine/sky-blue.webp | 453 | 182x182 | eager |  | 1 | 
   products/bone-china/haldi-ivory.webp | 643 | 182x182 | lazy |  | 1 | 
   products/glassware/water-tumbler.webp | 833 | 182x242 | lazy |  | 1 | 
   products/melamine/ribbed-white.webp | 1083 | 182x182 | lazy |  | 1 | 
   products/bone-china/spiral-motif.webp | 1273 | 182x182 | lazy |  | 1 | 
   products/melamine/textured-ivory.webp | 1462 | 182x182 | lazy |  | 1 | 
   products/melamine/gold-medallion.webp | 1652 | 182x182 | lazy |  | 1 | 
   products/melamine/blue-gold-border.webp | 1842 | 182x182 | lazy |  | 1 | 
   products/chafing-dishes/brass-round.webp | 2032 | 182x227 | lazy |  | 1 | 
   products/chafing-dishes/silver-carved-stand.w | 2267 | 182x227 | lazy |  | 1 | 
   products/chafing-dishes/gold-hammered-square. | 2502 | 182x227 | lazy |  | 1 | 
JS true: 21 imgs with y<2600
   products/bone-china/golden-rim.webp | 453 | 182x182 |  | high | 1 | 
   products/glassware/highball.webp | 643 | 182x242 | lazy |  | 1 | 
   products/melamine/matt-black.webp | 893 | 182x182 | lazy |  | 1 | 
   products/chafing-dishes/brass-handi.webp | 1083 | 182x227 | lazy |  | 1 | 
   products/bone-china/emerald-gold.webp | 1318 | 182x182 | lazy |  | 1 | 
   products/glassware/wine-glass.webp | 1508 | 182x242 | lazy |  | 1 | 
   products/melamine/blue-rim.webp | 1758 | 182x182 | lazy |  | 1 | 
   products/chafing-dishes/copper-ribbed-dome.we | 1948 | 182x227 | lazy |  | 1 | 
   products/bone-china/classic-white.webp | 2183 | 182x182 | lazy |  | 1 | 
   products/glassware/rocks-tumbler.webp | 2373 | 182x242 | lazy |  | 1 | 
   products/melamine/sky-blue.webp | 453 | 182x182 | eager |  | 1 | 
   products/bone-china/haldi-ivory.webp | 643 | 182x182 | lazy |  | 1 | 
   products/glassware/water-tumbler.webp | 833 | 182x242 | lazy |  | 1 | 
   products/melamine/ribbed-white.webp | 1083 | 182x182 | lazy |  | 1 | 
   products/bone-china/spiral-motif.webp | 1273 | 182x182 | lazy |  | 1 | 
   products/melamine/textured-ivory.webp | 1462 | 182x182 | lazy |  | 1 | 
   products/melamine/gold-medallion.webp | 1652 | 182x182 | lazy |  | 1 | 
   products/melamine/blue-gold-border.webp | 1842 | 182x182 | lazy |  | 1 | 
   products/chafing-dishes/brass-round.webp | 2032 | 182x227 | lazy |  | 1 | 
   products/chafing-dishes/silver-carved-stand.w | 2267 | 182x227 | lazy |  | 1 | 
   products/chafing-dishes/gold-hammered-square. | 2502 | 182x227 | lazy |  | 1 | 
