run1  mobile   /collections                     Perf 96  A11y 100  BP 100  SEO 100  LCP 2.7 s  CLS 0  TBT 0 ms
run1  mobile   /collections/bone-china          Perf 87  A11y 100  BP 100  SEO 100  LCP 4.1 s  CLS 0  TBT 0 ms
run1  mobile   /collections/premium-melamine    Perf 87  A11y 100  BP 100  SEO 100  LCP 4.0 s  CLS 0  TBT 0 ms
run1  mobile   /collections/chafing-dishes      Perf 90  A11y 100  BP 100  SEO 100  LCP 3.7 s  CLS 0  TBT 0 ms
run1  mobile   /collections/glassware           Perf 96  A11y 100  BP 100  SEO 100  LCP 2.7 s  CLS 0  TBT 0 ms
run1  mobile   /collections/heritage-silver     Perf 97  A11y 100  BP 100  SEO 100  LCP 2.6 s  CLS 0  TBT 0 ms
run1  mobile   /collections/cutlery-and-serveware Perf 96  A11y 100  BP 100  SEO 100  LCP 2.7 s  CLS 0  TBT 0 ms
run1  desktop  /collections                     Perf 100  A11y 100  BP 100  SEO 100  LCP 0.6 s  CLS 0  TBT 0 ms
run1  desktop  /collections/bone-china          Perf 100  A11y 100  BP 100  SEO 100  LCP 0.6 s  CLS 0  TBT 0 ms
run1  desktop  /collections/premium-melamine    Perf 100  A11y 100  BP 100  SEO 100  LCP 0.6 s  CLS 0  TBT 0 ms
run1  desktop  /collections/chafing-dishes      Perf 100  A11y 100  BP 100  SEO 100  LCP 0.6 s  CLS 0  TBT 0 ms
run1  desktop  /collections/glassware           Perf 100  A11y 100  BP 100  SEO 100  LCP 0.8 s  CLS 0  TBT 0 ms
run1  desktop  /collections/heritage-silver     Perf 100  A11y 100  BP 100  SEO 100  LCP 0.5 s  CLS 0  TBT 0 ms
run1  desktop  /collections/cutlery-and-serveware Perf 100  A11y 100  BP 100  SEO 100  LCP 0.5 s  CLS 0  TBT 0 ms
run2  mobile   /collections                     Perf 97  A11y 100  BP 100  SEO 100  LCP 2.6 s  CLS 0  TBT 0 ms
run2  mobile   /collections/bone-china          Perf 95  A11y 100  BP 100  SEO 100  LCP 2.9 s  CLS 0  TBT 0 ms
run2  mobile   /collections/premium-melamine    Perf 96  A11y 100  BP 100  SEO 100  LCP 2.7 s  CLS 0  TBT 0 ms
run2  mobile   /collections/chafing-dishes      Perf 96  A11y 100  BP 100  SEO 100  LCP 2.8 s  CLS 0  TBT 0 ms
run2  mobile   /collections/glassware           Perf 90  A11y 100  BP 100  SEO 100  LCP 3.7 s  CLS 0  TBT 0 ms
run2  mobile   /collections/heritage-silver     Perf 97  A11y 100  BP 100  SEO 100  LCP 2.6 s  CLS 0  TBT 0 ms
run2  mobile   /collections/cutlery-and-serveware Perf 97  A11y 100  BP 100  SEO 100  LCP 2.6 s  CLS 0  TBT 0 ms
run2  desktop  /collections                     Perf 100  A11y 100  BP 100  SEO 100  LCP 0.7 s  CLS 0  TBT 0 ms
run2  desktop  /collections/bone-china          Perf 100  A11y 100  BP 100  SEO 100  LCP 0.6 s  CLS 0  TBT 0 ms
run2  desktop  /collections/premium-melamine    Perf 100  A11y 100  BP 100  SEO 100  LCP 0.7 s  CLS 0  TBT 0 ms
run2  desktop  /collections/chafing-dishes      Perf 100  A11y 100  BP 100  SEO 100  LCP 0.6 s  CLS 0  TBT 0 ms
run2  desktop  /collections/glassware           Perf 99  A11y 100  BP 100  SEO 100  LCP 0.9 s  CLS 0  TBT 0 ms
run2  desktop  /collections/heritage-silver     Perf 100  A11y 100  BP 100  SEO 100  LCP 0.5 s  CLS 0  TBT 0 ms
run2  desktop  /collections/cutlery-and-serveware Perf 100  A11y 100  BP 100  SEO 100  LCP 0.6 s  CLS 0  TBT 0 ms
run3  mobile   /collections                     Perf 93  A11y 100  BP 100  SEO 100  LCP 3.2 s  CLS 0  TBT 0 ms
run3  mobile   /collections/bone-china          Perf 96  A11y 100  BP 100  SEO 100  LCP 2.7 s  CLS 0  TBT 0 ms
run3  mobile   /collections/premium-melamine    Perf 96  A11y 100  BP 100  SEO 100  LCP 2.8 s  CLS 0  TBT 0 ms
run3  mobile   /collections/chafing-dishes      Perf 96  A11y 100  BP 100  SEO 100  LCP 2.7 s  CLS 0  TBT 0 ms
run3  mobile   /collections/glassware           Perf 92  A11y 100  BP 100  SEO 100  LCP 3.3 s  CLS 0  TBT 0 ms
run3  mobile   /collections/heritage-silver     Perf 97  A11y 100  BP 100  SEO 100  LCP 2.6 s  CLS 0  TBT 0 ms
run3  mobile   /collections/cutlery-and-serveware Perf 97  A11y 100  BP 100  SEO 100  LCP 2.6 s  CLS 0  TBT 0 ms
run3  desktop  /collections                     Perf 100  A11y 100  BP 100  SEO 100  LCP 0.6 s  CLS 0  TBT 0 ms
run3  desktop  /collections/bone-china          Perf 100  A11y 100  BP 100  SEO 100  LCP 0.6 s  CLS 0  TBT 0 ms
run3  desktop  /collections/premium-melamine    Perf 100  A11y 100  BP 100  SEO 100  LCP 0.6 s  CLS 0  TBT 0 ms
run3  desktop  /collections/chafing-dishes      Perf 100  A11y 100  BP 100  SEO 100  LCP 0.6 s  CLS 0  TBT 0 ms
run3  desktop  /collections/glassware           Perf 100  A11y 100  BP 100  SEO 100  LCP 0.8 s  CLS 0  TBT 0 ms
run3  desktop  /collections/heritage-silver     Perf 100  A11y 100  BP 100  SEO 100  LCP 0.6 s  CLS 0  TBT 0 ms
run3  desktop  /collections/cutlery-and-serveware Perf 100  A11y 100  BP 100  SEO 100  LCP 0.5 s  CLS 0  TBT 0 ms
