ok  /Users/hemgabhawala/Desktop/Hem/IndianHirers/indian-hires-website/docs/evidence/R1/iter2/home-390.png
ok  /Users/hemgabhawala/Desktop/Hem/IndianHirers/indian-hires-website/docs/evidence/R1/iter2/home-768.png
ok  /Users/hemgabhawala/Desktop/Hem/IndianHirers/indian-hires-website/docs/evidence/R1/iter2/home-1280.png
ok  /Users/hemgabhawala/Desktop/Hem/IndianHirers/indian-hires-website/docs/evidence/R1/iter2/home-1920.png
ok  /Users/hemgabhawala/Desktop/Hem/IndianHirers/indian-hires-website/docs/evidence/R1/iter2/home-390-reduced-motion.png
ok  /Users/hemgabhawala/Desktop/Hem/IndianHirers/indian-hires-website/docs/evidence/R1/iter2/collections-390.png
ok  /Users/hemgabhawala/Desktop/Hem/IndianHirers/indian-hires-website/docs/evidence/R1/iter2/collections-768.png
ok  /Users/hemgabhawala/Desktop/Hem/IndianHirers/indian-hires-website/docs/evidence/R1/iter2/collections-1280.png
ok  /Users/hemgabhawala/Desktop/Hem/IndianHirers/indian-hires-website/docs/evidence/R1/iter2/collections-1920.png
ok  /Users/hemgabhawala/Desktop/Hem/IndianHirers/indian-hires-website/docs/evidence/R1/iter2/collections-390-reduced-motion.png
ok  /Users/hemgabhawala/Desktop/Hem/IndianHirers/indian-hires-website/docs/evidence/R1/iter2/collections-bone-china-390.png
ok  /Users/hemgabhawala/Desktop/Hem/IndianHirers/indian-hires-website/docs/evidence/R1/iter2/collections-bone-china-768.png
ok  /Users/hemgabhawala/Desktop/Hem/IndianHirers/indian-hires-website/docs/evidence/R1/iter2/collections-bone-china-1280.png
ok  /Users/hemgabhawala/Desktop/Hem/IndianHirers/indian-hires-website/docs/evidence/R1/iter2/collections-bone-china-1920.png
ok  /Users/hemgabhawala/Desktop/Hem/IndianHirers/indian-hires-website/docs/evidence/R1/iter2/collections-bone-china-390-reduced-motion.png
ok  /Users/hemgabhawala/Desktop/Hem/IndianHirers/indian-hires-website/docs/evidence/R1/iter2/collections-premium-melamine-390.png
ok  /Users/hemgabhawala/Desktop/Hem/IndianHirers/indian-hires-website/docs/evidence/R1/iter2/collections-premium-melamine-768.png
ok  /Users/hemgabhawala/Desktop/Hem/IndianHirers/indian-hires-website/docs/evidence/R1/iter2/collections-premium-melamine-1280.png
ok  /Users/hemgabhawala/Desktop/Hem/IndianHirers/indian-hires-website/docs/evidence/R1/iter2/collections-premium-melamine-1920.png
ok  /Users/hemgabhawala/Desktop/Hem/IndianHirers/indian-hires-website/docs/evidence/R1/iter2/collections-premium-melamine-390-reduced-motion.png
ok  /Users/hemgabhawala/Desktop/Hem/IndianHirers/indian-hires-website/docs/evidence/R1/iter2/collections-chafing-dishes-390.png
ok  /Users/hemgabhawala/Desktop/Hem/IndianHirers/indian-hires-website/docs/evidence/R1/iter2/collections-chafing-dishes-768.png
ok  /Users/hemgabhawala/Desktop/Hem/IndianHirers/indian-hires-website/docs/evidence/R1/iter2/collections-chafing-dishes-1280.png
ok  /Users/hemgabhawala/Desktop/Hem/IndianHirers/indian-hires-website/docs/evidence/R1/iter2/collections-chafing-dishes-1920.png
ok  /Users/hemgabhawala/Desktop/Hem/IndianHirers/indian-hires-website/docs/evidence/R1/iter2/collections-chafing-dishes-390-reduced-motion.png
ok  /Users/hemgabhawala/Desktop/Hem/IndianHirers/indian-hires-website/docs/evidence/R1/iter2/collections-heritage-silver-390.png
ok  /Users/hemgabhawala/Desktop/Hem/IndianHirers/indian-hires-website/docs/evidence/R1/iter2/collections-heritage-silver-768.png
ok  /Users/hemgabhawala/Desktop/Hem/IndianHirers/indian-hires-website/docs/evidence/R1/iter2/collections-heritage-silver-1280.png
ok  /Users/hemgabhawala/Desktop/Hem/IndianHirers/indian-hires-website/docs/evidence/R1/iter2/collections-heritage-silver-1920.png
ok  /Users/hemgabhawala/Desktop/Hem/IndianHirers/indian-hires-website/docs/evidence/R1/iter2/collections-heritage-silver-390-reduced-motion.png
ok  /Users/hemgabhawala/Desktop/Hem/IndianHirers/indian-hires-website/docs/evidence/R1/iter2/collections-cutlery-and-serveware-390.png
ok  /Users/hemgabhawala/Desktop/Hem/IndianHirers/indian-hires-website/docs/evidence/R1/iter2/collections-cutlery-and-serveware-768.png
ok  /Users/hemgabhawala/Desktop/Hem/IndianHirers/indian-hires-website/docs/evidence/R1/iter2/collections-cutlery-and-serveware-1280.png
ok  /Users/hemgabhawala/Desktop/Hem/IndianHirers/indian-hires-website/docs/evidence/R1/iter2/collections-cutlery-and-serveware-1920.png
ok  /Users/hemgabhawala/Desktop/Hem/IndianHirers/indian-hires-website/docs/evidence/R1/iter2/collections-cutlery-and-serveware-390-reduced-motion.png
ok  /Users/hemgabhawala/Desktop/Hem/IndianHirers/indian-hires-website/docs/evidence/R1/iter2/founders-390.png
ok  /Users/hemgabhawala/Desktop/Hem/IndianHirers/indian-hires-website/docs/evidence/R1/iter2/founders-768.png
ok  /Users/hemgabhawala/Desktop/Hem/IndianHirers/indian-hires-website/docs/evidence/R1/iter2/founders-1280.png
ok  /Users/hemgabhawala/Desktop/Hem/IndianHirers/indian-hires-website/docs/evidence/R1/iter2/founders-1920.png
ok  /Users/hemgabhawala/Desktop/Hem/IndianHirers/indian-hires-website/docs/evidence/R1/iter2/founders-390-reduced-motion.png
ok  /Users/hemgabhawala/Desktop/Hem/IndianHirers/indian-hires-website/docs/evidence/R1/iter2/gallery-390.png
ok  /Users/hemgabhawala/Desktop/Hem/IndianHirers/indian-hires-website/docs/evidence/R1/iter2/gallery-768.png
ok  /Users/hemgabhawala/Desktop/Hem/IndianHirers/indian-hires-website/docs/evidence/R1/iter2/gallery-1280.png
ok  /Users/hemgabhawala/Desktop/Hem/IndianHirers/indian-hires-website/docs/evidence/R1/iter2/gallery-1920.png
ok  /Users/hemgabhawala/Desktop/Hem/IndianHirers/indian-hires-website/docs/evidence/R1/iter2/gallery-390-reduced-motion.png
ok  /Users/hemgabhawala/Desktop/Hem/IndianHirers/indian-hires-website/docs/evidence/R1/iter2/testimonials-390.png
ok  /Users/hemgabhawala/Desktop/Hem/IndianHirers/indian-hires-website/docs/evidence/R1/iter2/testimonials-768.png
ok  /Users/hemgabhawala/Desktop/Hem/IndianHirers/indian-hires-website/docs/evidence/R1/iter2/testimonials-1280.png
ok  /Users/hemgabhawala/Desktop/Hem/IndianHirers/indian-hires-website/docs/evidence/R1/iter2/testimonials-1920.png
ok  /Users/hemgabhawala/Desktop/Hem/IndianHirers/indian-hires-website/docs/evidence/R1/iter2/testimonials-390-reduced-motion.png
ok  /Users/hemgabhawala/Desktop/Hem/IndianHirers/indian-hires-website/docs/evidence/R1/iter2/contact-390.png
ok  /Users/hemgabhawala/Desktop/Hem/IndianHirers/indian-hires-website/docs/evidence/R1/iter2/contact-768.png
ok  /Users/hemgabhawala/Desktop/Hem/IndianHirers/indian-hires-website/docs/evidence/R1/iter2/contact-1280.png
ok  /Users/hemgabhawala/Desktop/Hem/IndianHirers/indian-hires-website/docs/evidence/R1/iter2/contact-1920.png
ok  /Users/hemgabhawala/Desktop/Hem/IndianHirers/indian-hires-website/docs/evidence/R1/iter2/contact-390-reduced-motion.png
ok  /Users/hemgabhawala/Desktop/Hem/IndianHirers/indian-hires-website/docs/evidence/R1/iter2/not-found-390.png
ok  /Users/hemgabhawala/Desktop/Hem/IndianHirers/indian-hires-website/docs/evidence/R1/iter2/not-found-768.png
ok  /Users/hemgabhawala/Desktop/Hem/IndianHirers/indian-hires-website/docs/evidence/R1/iter2/not-found-1280.png
ok  /Users/hemgabhawala/Desktop/Hem/IndianHirers/indian-hires-website/docs/evidence/R1/iter2/not-found-1920.png
ok  /Users/hemgabhawala/Desktop/Hem/IndianHirers/indian-hires-website/docs/evidence/R1/iter2/not-found-390-reduced-motion.png
ok  /Users/hemgabhawala/Desktop/Hem/IndianHirers/indian-hires-website/docs/evidence/R1/iter2/home-390-drawer-open.png

0 problem(s)
