ok  /Users/hemgabhawala/Desktop/Hem/IndianHirers/indian-hires-website/docs/evidence/R5/iter4/collections-390.png
ok  /Users/hemgabhawala/Desktop/Hem/IndianHirers/indian-hires-website/docs/evidence/R5/iter4/collections-768.png
ok  /Users/hemgabhawala/Desktop/Hem/IndianHirers/indian-hires-website/docs/evidence/R5/iter4/collections-1280.png
ok  /Users/hemgabhawala/Desktop/Hem/IndianHirers/indian-hires-website/docs/evidence/R5/iter4/collections-1920.png
ok  /Users/hemgabhawala/Desktop/Hem/IndianHirers/indian-hires-website/docs/evidence/R5/iter4/collections-390-reduced-motion.png
ok  /Users/hemgabhawala/Desktop/Hem/IndianHirers/indian-hires-website/docs/evidence/R5/iter4/collections-heritage-silver-390.png
ok  /Users/hemgabhawala/Desktop/Hem/IndianHirers/indian-hires-website/docs/evidence/R5/iter4/collections-heritage-silver-768.png
ok  /Users/hemgabhawala/Desktop/Hem/IndianHirers/indian-hires-website/docs/evidence/R5/iter4/collections-heritage-silver-1280.png
ok  /Users/hemgabhawala/Desktop/Hem/IndianHirers/indian-hires-website/docs/evidence/R5/iter4/collections-heritage-silver-1920.png
ok  /Users/hemgabhawala/Desktop/Hem/IndianHirers/indian-hires-website/docs/evidence/R5/iter4/collections-heritage-silver-390-reduced-motion.png
ok  /Users/hemgabhawala/Desktop/Hem/IndianHirers/indian-hires-website/docs/evidence/R5/iter4/collections-bone-china-390.png
ok  /Users/hemgabhawala/Desktop/Hem/IndianHirers/indian-hires-website/docs/evidence/R5/iter4/collections-bone-china-768.png
ok  /Users/hemgabhawala/Desktop/Hem/IndianHirers/indian-hires-website/docs/evidence/R5/iter4/collections-bone-china-1280.png
ok  /Users/hemgabhawala/Desktop/Hem/IndianHirers/indian-hires-website/docs/evidence/R5/iter4/collections-bone-china-1920.png
ok  /Users/hemgabhawala/Desktop/Hem/IndianHirers/indian-hires-website/docs/evidence/R5/iter4/collections-bone-china-390-reduced-motion.png
ok  /Users/hemgabhawala/Desktop/Hem/IndianHirers/indian-hires-website/docs/evidence/R5/iter4/collections-premium-melamine-390.png
ok  /Users/hemgabhawala/Desktop/Hem/IndianHirers/indian-hires-website/docs/evidence/R5/iter4/collections-premium-melamine-768.png
ok  /Users/hemgabhawala/Desktop/Hem/IndianHirers/indian-hires-website/docs/evidence/R5/iter4/collections-premium-melamine-1280.png
ok  /Users/hemgabhawala/Desktop/Hem/IndianHirers/indian-hires-website/docs/evidence/R5/iter4/collections-premium-melamine-1920.png
ok  /Users/hemgabhawala/Desktop/Hem/IndianHirers/indian-hires-website/docs/evidence/R5/iter4/collections-premium-melamine-390-reduced-motion.png
ok  /Users/hemgabhawala/Desktop/Hem/IndianHirers/indian-hires-website/docs/evidence/R5/iter4/collections-regular-melamine-390.png
ok  /Users/hemgabhawala/Desktop/Hem/IndianHirers/indian-hires-website/docs/evidence/R5/iter4/collections-regular-melamine-768.png
ok  /Users/hemgabhawala/Desktop/Hem/IndianHirers/indian-hires-website/docs/evidence/R5/iter4/collections-regular-melamine-1280.png
ok  /Users/hemgabhawala/Desktop/Hem/IndianHirers/indian-hires-website/docs/evidence/R5/iter4/collections-regular-melamine-1920.png
ok  /Users/hemgabhawala/Desktop/Hem/IndianHirers/indian-hires-website/docs/evidence/R5/iter4/collections-regular-melamine-390-reduced-motion.png
ok  /Users/hemgabhawala/Desktop/Hem/IndianHirers/indian-hires-website/docs/evidence/R5/iter4/collections-chat-and-snack-plates-390.png
ok  /Users/hemgabhawala/Desktop/Hem/IndianHirers/indian-hires-website/docs/evidence/R5/iter4/collections-chat-and-snack-plates-768.png
ok  /Users/hemgabhawala/Desktop/Hem/IndianHirers/indian-hires-website/docs/evidence/R5/iter4/collections-chat-and-snack-plates-1280.png
ok  /Users/hemgabhawala/Desktop/Hem/IndianHirers/indian-hires-website/docs/evidence/R5/iter4/collections-chat-and-snack-plates-1920.png
ok  /Users/hemgabhawala/Desktop/Hem/IndianHirers/indian-hires-website/docs/evidence/R5/iter4/collections-chat-and-snack-plates-390-reduced-motion.png
ok  /Users/hemgabhawala/Desktop/Hem/IndianHirers/indian-hires-website/docs/evidence/R5/iter4/collections-chafing-dishes-390.png
ok  /Users/hemgabhawala/Desktop/Hem/IndianHirers/indian-hires-website/docs/evidence/R5/iter4/collections-chafing-dishes-768.png
ok  /Users/hemgabhawala/Desktop/Hem/IndianHirers/indian-hires-website/docs/evidence/R5/iter4/collections-chafing-dishes-1280.png
ok  /Users/hemgabhawala/Desktop/Hem/IndianHirers/indian-hires-website/docs/evidence/R5/iter4/collections-chafing-dishes-1920.png
ok  /Users/hemgabhawala/Desktop/Hem/IndianHirers/indian-hires-website/docs/evidence/R5/iter4/collections-chafing-dishes-390-reduced-motion.png
ok  /Users/hemgabhawala/Desktop/Hem/IndianHirers/indian-hires-website/docs/evidence/R5/iter4/collections-cutlery-and-serveware-390.png
ok  /Users/hemgabhawala/Desktop/Hem/IndianHirers/indian-hires-website/docs/evidence/R5/iter4/collections-cutlery-and-serveware-768.png
ok  /Users/hemgabhawala/Desktop/Hem/IndianHirers/indian-hires-website/docs/evidence/R5/iter4/collections-cutlery-and-serveware-1280.png
ok  /Users/hemgabhawala/Desktop/Hem/IndianHirers/indian-hires-website/docs/evidence/R5/iter4/collections-cutlery-and-serveware-1920.png
ok  /Users/hemgabhawala/Desktop/Hem/IndianHirers/indian-hires-website/docs/evidence/R5/iter4/collections-cutlery-and-serveware-390-reduced-motion.png
ok  /Users/hemgabhawala/Desktop/Hem/IndianHirers/indian-hires-website/docs/evidence/R5/iter4/collections-glassware-390.png
ok  /Users/hemgabhawala/Desktop/Hem/IndianHirers/indian-hires-website/docs/evidence/R5/iter4/collections-glassware-768.png
ok  /Users/hemgabhawala/Desktop/Hem/IndianHirers/indian-hires-website/docs/evidence/R5/iter4/collections-glassware-1280.png
ok  /Users/hemgabhawala/Desktop/Hem/IndianHirers/indian-hires-website/docs/evidence/R5/iter4/collections-glassware-1920.png
ok  /Users/hemgabhawala/Desktop/Hem/IndianHirers/indian-hires-website/docs/evidence/R5/iter4/collections-glassware-390-reduced-motion.png
ok  /Users/hemgabhawala/Desktop/Hem/IndianHirers/indian-hires-website/docs/evidence/R5/iter4/home-390-drawer-open.png

0 problem(s)
