/gallery #1 FCP 260ms  LCP entries:
    {"t":260,"size":43978,"url":"/_next/image?url=%2Fimages%2Fproducts%2Fglassware%2Frocks-tumbler.webp&w=320&q=75","tag":"IMG","cls":"object-cover motion-safe:transition-transform motion-safe:duration-zoom motion-safe:ease-r","alt":"Short wide-bowled clear glass rocks tumbler","fp":"high","loading":null}
   scripts: 18 webpack-e8ca62d34fab28fa.js main-app-bf52a2ba7147d0fb.js 749-1b5896b8f5184b41.js 972-23c655eaa509276f.js 878-767876f47a61f169.js app/page-84fe0162dae92b6e.js 117-b72115bd05ca3009.js app/layout-e780e6e8ecbde6bb.js app/gallery/page-0d66a6985dc10a18.js fd9d1056-e43d8fe590e643ad.js 438.5ea092c0725e7c5b.js 248.4bc8641620651028.js 950.737476a44eac026c.js 802.3ac962d47611fa2a.js app/contact/page-5bb408fa636434e7.js 727.1320be9d40bf2ca4.js 423.1bbd3723f7c44f6b.js 535.c6aa0de4df5d086e.js
/gallery #2 FCP 140ms  LCP entries:
    {"t":140,"size":43978,"url":"/_next/image?url=%2Fimages%2Fproducts%2Fglassware%2Frocks-tumbler.webp&w=320&q=75","tag":"IMG","cls":"object-cover motion-safe:transition-transform motion-safe:duration-zoom motion-safe:ease-r","alt":"Short wide-bowled clear glass rocks tumbler","fp":"high","loading":null}
/gallery #3 FCP 164ms  LCP entries:
    {"t":164,"size":43978,"url":"/_next/image?url=%2Fimages%2Fproducts%2Fglassware%2Frocks-tumbler.webp&w=320&q=75","tag":"IMG","cls":"object-cover motion-safe:transition-transform motion-safe:duration-zoom motion-safe:ease-r","alt":"Short wide-bowled clear glass rocks tumbler","fp":"high","loading":null}
/collections/bone-china #1 FCP 160ms  LCP entries:
    {"t":160,"size":23159,"url":"/_next/image?url=%2Fimages%2Fproducts%2Fbone-china%2Fgolden-rim.webp&w=320&q=75","tag":"IMG","cls":"object-cover motion-safe:transition-transform motion-safe:duration-zoom motion-safe:ease-r","alt":"Bone china dinner plate, side plate and bowls with a woven gold rim","fp":"high","loading":null}
   scripts: 20 webpack-e8ca62d34fab28fa.js main-app-bf52a2ba7147d0fb.js 749-1b5896b8f5184b41.js 878-767876f47a61f169.js 972-23c655eaa509276f.js 117-b72115bd05ca3009.js app/collections/%5Bslug%5D/page-f2961ad8b08bd2ed.js app/collections/layout-3c0862052ca3fd73.js app/layout-e780e6e8ecbde6bb.js fd9d1056-e43d8fe590e643ad.js 599.1bb3d2bb1ebbc7a5.js 950.737476a44eac026c.js 438.5ea092c0725e7c5b.js 248.4bc8641620651028.js 727.1320be9d40bf2ca4.js 535.c6aa0de4df5d086e.js 423.1bbd3723f7c44f6b.js app/page-84fe0162dae92b6e.js app/collections/page-38bad80586054144.js app/contact/page-5bb408fa636434e7.js
/collections/bone-china #2 FCP 140ms  LCP entries:
    {"t":140,"size":23159,"url":"/_next/image?url=%2Fimages%2Fproducts%2Fbone-china%2Fgolden-rim.webp&w=320&q=75","tag":"IMG","cls":"object-cover motion-safe:transition-transform motion-safe:duration-zoom motion-safe:ease-r","alt":"Bone china dinner plate, side plate and bowls with a woven gold rim","fp":"high","loading":null}
/collections/bone-china #3 FCP 212ms  LCP entries:
    {"t":212,"size":23159,"url":"/_next/image?url=%2Fimages%2Fproducts%2Fbone-china%2Fgolden-rim.webp&w=320&q=75","tag":"IMG","cls":"object-cover motion-safe:transition-transform motion-safe:duration-zoom motion-safe:ease-r","alt":"Bone china dinner plate, side plate and bowls with a woven gold rim","fp":"high","loading":null}
/ #1 FCP 148ms  LCP entries:
    {"t":148,"size":51791,"url":"/_next/image?url=%2Fimages%2Fproducts%2Fbone-china%2Fgolden-rim.webp&w=520&q=75","tag":"IMG","cls":"object-cover object-center","alt":"White bone china dinner plate, quarter plate, saucer and two bowls with a gold l","fp":"high","loading":null}
   scripts: 14 webpack-e8ca62d34fab28fa.js fd9d1056-e43d8fe590e643ad.js main-app-bf52a2ba7147d0fb.js app/page-84fe0162dae92b6e.js 878-767876f47a61f169.js 972-23c655eaa509276f.js 749-1b5896b8f5184b41.js app/layout-e780e6e8ecbde6bb.js 117-b72115bd05ca3009.js 248.4bc8641620651028.js 438.5ea092c0725e7c5b.js app/collections/layout-3c0862052ca3fd73.js app/collections/page-38bad80586054144.js app/contact/page-5bb408fa636434e7.js
/ #2 FCP 132ms  LCP entries:
    {"t":132,"size":51791,"url":"/_next/image?url=%2Fimages%2Fproducts%2Fbone-china%2Fgolden-rim.webp&w=520&q=75","tag":"IMG","cls":"object-cover object-center","alt":"White bone china dinner plate, quarter plate, saucer and two bowls with a gold l","fp":"high","loading":null}
/ #3 FCP 136ms  LCP entries:
    {"t":136,"size":51791,"url":"/_next/image?url=%2Fimages%2Fproducts%2Fbone-china%2Fgolden-rim.webp&w=520&q=75","tag":"IMG","cls":"object-cover object-center","alt":"White bone china dinner plate, quarter plate, saucer and two bowls with a gold l","fp":"high","loading":null}
