ok  /Users/hemgabhawala/Desktop/Hem/IndianHirers/indian-hires-website/docs/evidence/R5/iter1/collections-390.png
ok  /Users/hemgabhawala/Desktop/Hem/IndianHirers/indian-hires-website/docs/evidence/R5/iter1/collections-768.png
ok  /Users/hemgabhawala/Desktop/Hem/IndianHirers/indian-hires-website/docs/evidence/R5/iter1/collections-1280.png
ok  /Users/hemgabhawala/Desktop/Hem/IndianHirers/indian-hires-website/docs/evidence/R5/iter1/collections-1920.png
ok  /Users/hemgabhawala/Desktop/Hem/IndianHirers/indian-hires-website/docs/evidence/R5/iter1/collections-390-reduced-motion.png
ok  /Users/hemgabhawala/Desktop/Hem/IndianHirers/indian-hires-website/docs/evidence/R5/iter1/collections-bone-china-390.png
ok  /Users/hemgabhawala/Desktop/Hem/IndianHirers/indian-hires-website/docs/evidence/R5/iter1/collections-bone-china-768.png
ok  /Users/hemgabhawala/Desktop/Hem/IndianHirers/indian-hires-website/docs/evidence/R5/iter1/collections-bone-china-1280.png
ok  /Users/hemgabhawala/Desktop/Hem/IndianHirers/indian-hires-website/docs/evidence/R5/iter1/collections-bone-china-1920.png
ok  /Users/hemgabhawala/Desktop/Hem/IndianHirers/indian-hires-website/docs/evidence/R5/iter1/collections-bone-china-390-reduced-motion.png
ok  /Users/hemgabhawala/Desktop/Hem/IndianHirers/indian-hires-website/docs/evidence/R5/iter1/collections-premium-melamine-390.png
ok  /Users/hemgabhawala/Desktop/Hem/IndianHirers/indian-hires-website/docs/evidence/R5/iter1/collections-premium-melamine-768.png
ERR /Users/hemgabhawala/Desktop/Hem/IndianHirers/indian-hires-website/docs/evidence/R5/iter1/collections-premium-melamine-1280.png
ERR /Users/hemgabhawala/Desktop/Hem/IndianHirers/indian-hires-website/docs/evidence/R5/iter1/collections-premium-melamine-1920.png
ok  /Users/hemgabhawala/Desktop/Hem/IndianHirers/indian-hires-website/docs/evidence/R5/iter1/collections-premium-melamine-390-reduced-motion.png
ok  /Users/hemgabhawala/Desktop/Hem/IndianHirers/indian-hires-website/docs/evidence/R5/iter1/collections-chafing-dishes-390.png
ok  /Users/hemgabhawala/Desktop/Hem/IndianHirers/indian-hires-website/docs/evidence/R5/iter1/collections-chafing-dishes-768.png
ok  /Users/hemgabhawala/Desktop/Hem/IndianHirers/indian-hires-website/docs/evidence/R5/iter1/collections-chafing-dishes-1280.png
ok  /Users/hemgabhawala/Desktop/Hem/IndianHirers/indian-hires-website/docs/evidence/R5/iter1/collections-chafing-dishes-1920.png
ok  /Users/hemgabhawala/Desktop/Hem/IndianHirers/indian-hires-website/docs/evidence/R5/iter1/collections-chafing-dishes-390-reduced-motion.png
ok  /Users/hemgabhawala/Desktop/Hem/IndianHirers/indian-hires-website/docs/evidence/R5/iter1/collections-heritage-silver-390.png
ok  /Users/hemgabhawala/Desktop/Hem/IndianHirers/indian-hires-website/docs/evidence/R5/iter1/collections-heritage-silver-768.png
ok  /Users/hemgabhawala/Desktop/Hem/IndianHirers/indian-hires-website/docs/evidence/R5/iter1/collections-heritage-silver-1280.png
ok  /Users/hemgabhawala/Desktop/Hem/IndianHirers/indian-hires-website/docs/evidence/R5/iter1/collections-heritage-silver-1920.png
ok  /Users/hemgabhawala/Desktop/Hem/IndianHirers/indian-hires-website/docs/evidence/R5/iter1/collections-heritage-silver-390-reduced-motion.png
ok  /Users/hemgabhawala/Desktop/Hem/IndianHirers/indian-hires-website/docs/evidence/R5/iter1/collections-chat-and-snack-plates-390.png
ok  /Users/hemgabhawala/Desktop/Hem/IndianHirers/indian-hires-website/docs/evidence/R5/iter1/collections-chat-and-snack-plates-768.png
ok  /Users/hemgabhawala/Desktop/Hem/IndianHirers/indian-hires-website/docs/evidence/R5/iter1/collections-chat-and-snack-plates-1280.png
ok  /Users/hemgabhawala/Desktop/Hem/IndianHirers/indian-hires-website/docs/evidence/R5/iter1/collections-chat-and-snack-plates-1920.png
ok  /Users/hemgabhawala/Desktop/Hem/IndianHirers/indian-hires-website/docs/evidence/R5/iter1/collections-chat-and-snack-plates-390-reduced-motion.png
ok  /Users/hemgabhawala/Desktop/Hem/IndianHirers/indian-hires-website/docs/evidence/R5/iter1/collections-cutlery-and-serveware-390.png
ok  /Users/hemgabhawala/Desktop/Hem/IndianHirers/indian-hires-website/docs/evidence/R5/iter1/collections-cutlery-and-serveware-768.png
ok  /Users/hemgabhawala/Desktop/Hem/IndianHirers/indian-hires-website/docs/evidence/R5/iter1/collections-cutlery-and-serveware-1280.png
ok  /Users/hemgabhawala/Desktop/Hem/IndianHirers/indian-hires-website/docs/evidence/R5/iter1/collections-cutlery-and-serveware-1920.png
ok  /Users/hemgabhawala/Desktop/Hem/IndianHirers/indian-hires-website/docs/evidence/R5/iter1/collections-cutlery-and-serveware-390-reduced-motion.png
ok  /Users/hemgabhawala/Desktop/Hem/IndianHirers/indian-hires-website/docs/evidence/R5/iter1/home-390-drawer-open.png

2 problem(s)
  collections-premium-melamine@1280: TimeoutError: page.goto: Timeout 60000ms exceeded.
Call log:
  - navigating to "http://localhost:3001/collections/premium-melamine", waiting until "networkidle"

  collections-premium-melamine@1920: TimeoutError: page.goto: Timeout 60000ms exceeded.
Call log:
  - navigating to "http://localhost:3001/collections/premium-melamine", waiting until "networkidle"

